// Jest Snapshot v1, https://goo.gl/fbAQLP

exports[`_app 1`] = `<DocumentFragment />`;
