// Jest Snapshot v1, https://goo.gl/fbAQLP

exports[`renders app 1`] = `
<DocumentFragment>
  <div
    class="flex flex-col items-center justify-center h-screen"
  >
    <h2
      class="p-3 my-8 text-lg text-white font-bold bg-purple-700 md:text-2xl rounded-lg"
    >
      Hi! Welcome to your first Next.js & Tailwind CSS site.
    </h2>
  </div>
</DocumentFragment>
`;
